exports[`test test Footer 1`] = `
<footer
  className="pure-g">
  <div
    className="pure-u-1 pure-u-md-1-2 pure-u-lg-1-2">
    <div
      className="r-box">
      <h4>
        <a
          href="https://www.youtube.com/watch?v=IrY5JjSFR8I&t=5s"
          target="_blank">
          Aprenda a montar: 
        </a>
      </h4>
      <a
        href="https://www.youtube.com/user/rafaelcinoto"
        target="_blank">
        Canal do Youtube: Cinoto
      </a>
       | 
      <a
        href="http://www.ws.binghamton.edu/fridrich/cube.html"
        target="_blank">
        Fridrich
      </a>
    </div>
  </div>
  <div
    className="pure-u-1 pure-u-md-1-2 pure-u-lg-1-2">
    <div
      className="r-box">
      <h4>
        <a
          href="https://pt.wikipedia.org/wiki/C%C3%B3digo_aberto"
          target="_blank">
          Contribua:
        </a>
      </h4>
      <a
        href="https://github.com/emilianoeloi/cronometro-cubomagico"
        target="_blank">
        Projeto no Github
      </a>
    </div>
  </div>
  <div
    className="pure-u-1">
    <div
      className="r-box">
      <p>
        <a
          href="https://github.com/emilianoeloi/cronometro-cubomagico/blob/master/LICENSE">
          APACHE-2.0
        </a>
         2016-2017 Croncube www.croncube.com.br 1.1.6
      </p>
    </div>
  </div>
</footer>
`;
