exports[`test test table of Times 1`] = `
<table
  className="pure-table">
  <caption
    className="Table-caption">
    <h2>
      Meus Tempos
    </h2>
    <h3>
      Melhor tempo: 
      00\' 00.00\"
    </h3>
    <h3>
      Tempo m√©dio: 
      00\' 00.00\"
    </h3>
    <h3>
      Pior tempo: 
      00\' 00.00\"
    </h3>
  </caption>
  <thead>
    <tr>
      <th>
        #
      </th>
      <th>
        Data
      </th>
      <th>
        Tempo
      </th>
      <th />
    </tr>
  </thead>
  <tbody />
</table>
`;
